[dotenv@17.2.4] injecting env (8) from .env -- tip: ✅ audit secrets and track compliance: https://dotenvx.com/ops
[dotenv@17.2.4] injecting env (0) from .env -- tip: 🔐 encrypt with Dotenvx: https://dotenvx.com
[dotenv@17.2.4] injecting env (0) from .env -- tip: ⚙️  override existing env vars with { override: true }
[dotenv@17.2.4] injecting env (0) from .env -- tip: 🔐 prevent building .env in docker: https://dotenvx.com/prebuild
[dotenv@17.2.4] injecting env (0) from .env -- tip: 📡 add observability to secrets: https://dotenvx.com/ops
C:\Users\ilanq\OneDrive\Documents\johnbryce\workspace\entre\ilan-abadi\project03\proj3Backend\node_modules\path-to-regexp\src\index.ts:225
      throw new PathError(`Missing parameter name at index ${index}`, str);
            ^
PathError [TypeError]: Missing parameter name at index 1: *; visit https://git.new/pathToRegexpError for info
    at name (C:\Users\ilanq\OneDrive\Documents\johnbryce\workspace\entre\ilan-abadi\project03\proj3Backend\node_modules\path-to-regexp\src\index.ts:225:13)
    at parse (C:\Users\ilanq\OneDrive\Documents\johnbryce\workspace\entre\ilan-abadi\project03\proj3Backend\node_modules\path-to-regexp\src\index.ts:242:62)
    at pathToRegexp (C:\Users\ilanq\OneDrive\Documents\johnbryce\workspace\entre\ilan-abadi\project03\proj3Backend\node_modules\path-to-regexp\src\index.ts:480:54)
    at Object.match (C:\Users\ilanq\OneDrive\Documents\johnbryce\workspace\entre\ilan-abadi\project03\proj3Backend\node_modules\path-to-regexp\src\index.ts:438:28)
    at matcher (C:\Users\ilanq\OneDrive\Documents\johnbryce\workspace\entre\ilan-abadi\project03\proj3Backend\node_modules\router\lib\layer.js:86:23)
    at new Layer (C:\Users\ilanq\OneDrive\Documents\johnbryce\workspace\entre\ilan-abadi\project03\proj3Backend\node_modules\router\lib\layer.js:93:62)
    at Function.use (C:\Users\ilanq\OneDrive\Documents\johnbryce\workspace\entre\ilan-abadi\project03\proj3Backend\node_modules\router\index.js:398:19)
    at Function.<anonymous> (C:\Users\ilanq\OneDrive\Documents\johnbryce\workspace\entre\ilan-abadi\project03\proj3Backend\node_modules\express\lib\application.js:222:21)
    at Array.forEach (<anonymous>)
    at Function.use (C:\Users\ilanq\OneDrive\Documents\johnbryce\workspace\entre\ilan-abadi\project03\proj3Backend\node_modules\express\lib\application.js:219:7) {
  originalPath: '*'
}
